[2026-03-31 00:36:13] 账号登录成功
[2026-03-31 11:01:38] 账号登录成功
[2026-03-31 14:11:45] 账号登录成功
[2026-03-31 14:11:53] 开始批量领取任务，总计 34 个福利码
[2026-03-31 14:11:54] CDK VIP111 领取失败: 不能再用啦
[2026-03-31 14:11:57] CDK bc0318 领取失败: 不能再用啦
[2026-03-31 14:11:59] CDK VIP222 领取失败: 不能再用啦
[2026-03-31 14:12:02] CDK VIP333 领取失败: 不能再用啦
[2026-03-31 14:12:04] CDK VIP555 领取失败: 不能再用啦
[2026-03-31 14:12:07] CDK VIP666 领取失败: 不能再用啦
[2026-03-31 14:12:09] CDK vip777 领取失败: 不能再用啦
[2026-03-31 14:12:12] CDK Vip888 领取失败: 不能再用啦
[2026-03-31 14:12:15] CDK VIP999 领取失败: 不能再用啦
[2026-03-31 14:12:17] CDK VIP1000 领取失败: 不能再用啦
[2026-03-31 14:12:19] CDK VIP2000 领取失败: 不能再用啦
[2026-03-31 14:12:22] CDK VIP0112 领取失败: 不能再用啦
[2026-03-31 14:12:24] CDK VIP0127 领取失败: 不能再用啦
[2026-03-31 14:13:16] CDK vip0210 领取失败: 不能再用啦
[2026-03-31 14:13:19] CDK VIP0212 领取失败: 不能再用啦
[2026-03-31 14:13:21] CDK VIP0218 领取失败: 不能再用啦
[2026-03-31 14:13:24] CDK vip0223 领取失败: 不能再用啦
[2026-03-31 14:13:26] CDK vip0304 领取失败: 不能再用啦
[2026-03-31 14:13:29] CDK vip0318 领取失败: 不能再用啦
[2026-03-31 14:13:32] CDK vip0412 领取失败: 不能再用啦
[2026-03-31 14:13:35] CDK FL0501 领取失败: 没有找到这个礼包码
[2026-03-31 14:13:39] CDK vip0511 领取失败: 不能再用啦
[2026-03-31 14:13:43] CDK FL0531 领取失败: 没有找到这个礼包码
[2026-03-31 14:13:45] CDK vip0615 领取失败: 不能再用啦
[2026-03-31 14:13:48] CDK vip0718 领取失败: 不能再用啦
[2026-03-31 14:13:52] CDK VIP0810 领取失败: 不能再用啦
[2026-03-31 14:13:54] CDK VIP0818 领取失败: 不能再用啦
[2026-03-31 14:13:57] CDK vip1001 领取失败: 不能再用啦
[2026-03-31 14:14:01] CDK bc1007 领取失败: 不能再用啦
[2026-03-31 14:14:03] CDK vip1205 领取失败: 不能再用啦
[2026-03-31 14:14:06] CDK wn1223 领取失败: 不能再用啦
[2026-03-31 14:14:09] CDK vip0122 领取失败: 不能再用啦
[2026-03-31 14:14:12] CDK wn2026 领取失败: 不能再用啦
[2026-03-31 14:14:15] CDK yx0303 领取失败: 不能再用啦
[2026-03-31 14:14:17] 批量领取任务被手动停止
