[2026-03-30 05:19:41] 账号登录成功
[2026-03-30 05:19:47] 开始批量领取任务，总计 34 个福利码
[2026-03-30 05:19:49] CDK VIP111 领取失败: 不能再用啦
[2026-03-30 05:19:52] CDK bc0318 领取失败: 不能再用啦
[2026-03-30 05:19:54] CDK VIP222 领取失败: 不能再用啦
[2026-03-30 05:19:57] CDK VIP333 领取失败: 不能再用啦
[2026-03-30 05:19:59] CDK VIP555 领取失败: 不能再用啦
[2026-03-30 05:20:52] CDK VIP666 领取失败: 不能再用啦
[2026-03-30 05:20:54] CDK vip777 领取失败: 不能再用啦
[2026-03-30 05:20:57] CDK Vip888 领取失败: 不能再用啦
[2026-03-30 05:20:59] CDK VIP999 领取失败: 不能再用啦
[2026-03-30 05:21:02] CDK VIP1000 领取失败: 不能再用啦
[2026-03-30 05:21:04] CDK VIP2000 领取失败: 不能再用啦
[2026-03-30 05:21:07] CDK VIP0112 领取失败: 不能再用啦
[2026-03-30 05:21:10] CDK VIP0127 领取失败: 不能再用啦
[2026-03-30 05:21:12] CDK vip0210 领取失败: 不能再用啦
[2026-03-30 05:21:15] CDK VIP0212 领取失败: 不能再用啦
[2026-03-30 05:21:17] CDK VIP0218 领取失败: 不能再用啦
[2026-03-30 05:21:20] CDK vip0223 领取失败: 不能再用啦
[2026-03-30 05:21:22] CDK vip0304 领取失败: 不能再用啦
[2026-03-30 05:21:26] CDK vip0318 领取失败: 不能再用啦
[2026-03-30 05:21:29] CDK vip0412 领取失败: 不能再用啦
[2026-03-30 05:21:31] CDK FL0501 领取失败: 不能再用啦
[2026-03-30 05:21:34] CDK vip0511 领取失败: 不能再用啦
[2026-03-30 05:21:36] CDK FL0531 领取失败: 不能再用啦
[2026-03-30 05:21:37] 批量领取任务被手动停止
[2026-03-30 05:21:57] 账号登录成功
[2026-03-30 05:22:03] 开始批量领取任务，总计 34 个福利码
[2026-03-30 05:22:05] CDK VIP111 领取失败: 不能再用啦
[2026-03-30 05:22:07] CDK bc0318 领取失败: 不能再用啦
[2026-03-30 05:22:10] CDK VIP222 领取失败: 不能再用啦
[2026-03-30 05:22:12] CDK VIP333 领取失败: 不能再用啦
[2026-03-30 05:22:15] CDK VIP555 领取失败: 不能再用啦
[2026-03-30 05:22:17] CDK VIP666 领取失败: 不能再用啦
[2026-03-30 05:22:20] CDK vip777 领取失败: 不能再用啦
[2026-03-30 05:22:22] CDK Vip888 领取失败: 不能再用啦
[2026-03-30 05:22:25] CDK VIP999 领取失败: 不能再用啦
[2026-03-30 05:22:28] CDK VIP1000 领取失败: 不能再用啦
[2026-03-30 05:22:30] CDK VIP2000 领取失败: 不能再用啦
[2026-03-30 05:22:33] CDK VIP0112 领取失败: 不能再用啦
[2026-03-30 05:22:35] CDK VIP0127 领取失败: 不能再用啦
[2026-03-30 05:22:38] CDK vip0210 领取失败: 不能再用啦
[2026-03-30 05:22:40] CDK VIP0212 领取失败: 不能再用啦
[2026-03-30 05:22:43] CDK VIP0218 领取失败: 不能再用啦
[2026-03-30 05:22:45] CDK vip0223 领取失败: 不能再用啦
[2026-03-30 05:22:48] CDK vip0304 领取失败: 不能再用啦
[2026-03-30 05:22:50] CDK vip0318 领取失败: 不能再用啦
[2026-03-30 05:22:53] CDK vip0412 领取失败: 不能再用啦
[2026-03-30 05:22:55] CDK FL0501 领取失败: 不能再用啦
[2026-03-30 05:22:58] CDK vip0511 领取失败: 不能再用啦
[2026-03-30 05:23:01] CDK FL0531 领取失败: 不能再用啦
[2026-03-30 05:23:03] CDK vip0615 领取失败: 不能再用啦
[2026-03-30 05:23:06] CDK vip0718 领取失败: 不能再用啦
[2026-03-30 05:23:08] CDK VIP0810 领取失败: 不能再用啦
[2026-03-30 05:23:11] CDK VIP0818 领取失败: 不能再用啦
[2026-03-30 05:23:13] CDK vip1001 领取失败: 不能再用啦
[2026-03-30 05:23:16] CDK bc1007 领取失败: 不能再用啦
[2026-03-30 05:23:18] CDK vip1205 领取失败: 不能再用啦
[2026-03-30 05:23:20] CDK wn1223 领取失败: 不能再用啦
[2026-03-30 05:23:23] CDK vip0122 领取失败: 不能再用啦
[2026-03-30 05:23:26] CDK wn2026 领取失败: 不能再用啦
[2026-03-30 05:23:28] CDK yx0303 领取失败: 不能再用啦
[2026-03-30 05:23:29] 批量领取任务被手动停止
[2026-03-30 13:25:18] 账号登录成功
[2026-03-30 13:44:35] 账号登录成功
[2026-03-30 16:51:11] 账号登录成功
[2026-03-30 16:51:19] 开始批量领取任务，总计 34 个福利码
[2026-03-30 16:51:21] CDK VIP111 领取失败: 不能再用啦
[2026-03-30 16:51:24] CDK bc0318 领取失败: 不能再用啦
[2026-03-30 16:51:26] CDK VIP222 领取失败: 不能再用啦
[2026-03-30 16:51:29] CDK VIP333 领取失败: 不能再用啦
[2026-03-30 16:51:31] CDK VIP555 领取失败: 不能再用啦
[2026-03-30 16:51:34] CDK VIP666 领取失败: 不能再用啦
[2026-03-30 16:51:36] CDK vip777 领取失败: 不能再用啦
[2026-03-30 16:51:38] CDK Vip888 领取失败: 不能再用啦
[2026-03-30 16:51:41] CDK VIP999 领取失败: 不能再用啦
[2026-03-30 16:51:43] CDK VIP1000 领取失败: 不能再用啦
[2026-03-30 16:51:46] CDK VIP2000 领取失败: 不能再用啦
[2026-03-30 16:51:48] CDK VIP0112 领取失败: 不能再用啦
[2026-03-30 16:51:51] CDK VIP0127 领取失败: 不能再用啦
[2026-03-30 16:51:53] CDK vip0210 领取失败: 不能再用啦
[2026-03-30 16:51:56] CDK VIP0212 领取失败: 不能再用啦
[2026-03-30 16:51:57] 批量领取任务被手动停止
[2026-03-30 16:52:41] 开始批量领取任务，总计 50 个福利码
[2026-03-30 16:52:43] LC 1 领取失败: 累充不足。当前累充:0
[2026-03-30 16:52:44] 批量领取任务被手动停止
[2026-03-30 16:52:47] 开始批量领取任务，总计 34 个福利码
[2026-03-30 16:52:48] CDK VIP111 领取失败: 不能再用啦
[2026-03-30 16:52:51] CDK bc0318 领取失败: 不能再用啦
[2026-03-30 16:52:53] CDK VIP222 领取失败: 不能再用啦
[2026-03-30 16:52:56] CDK VIP333 领取失败: 不能再用啦
[2026-03-30 16:52:58] CDK VIP555 领取失败: 不能再用啦
[2026-03-30 16:53:01] CDK VIP666 领取成功
[2026-03-30 16:53:03] CDK vip777 领取成功
[2026-03-30 16:53:06] CDK Vip888 领取成功
[2026-03-30 16:53:08] CDK VIP999 领取成功
[2026-03-30 16:53:11] CDK VIP1000 领取成功
[2026-03-30 16:53:13] CDK VIP2000 领取成功
[2026-03-30 16:53:16] CDK VIP0112 领取成功
[2026-03-30 16:53:18] CDK VIP0127 领取成功
[2026-03-30 16:53:21] CDK vip0210 领取成功
[2026-03-30 16:53:23] CDK VIP0212 领取成功
[2026-03-30 16:53:26] CDK VIP0218 领取成功
[2026-03-30 16:53:28] CDK vip0223 领取成功
[2026-03-30 16:53:31] CDK vip0304 领取成功
[2026-03-30 16:53:33] CDK vip0318 领取成功
[2026-03-30 16:53:36] CDK vip0412 领取成功
[2026-03-30 16:53:38] CDK FL0501 领取成功
[2026-03-30 16:53:41] CDK vip0511 领取成功
[2026-03-30 16:53:44] CDK FL0531 领取成功
[2026-03-30 16:53:47] CDK vip0615 领取成功
[2026-03-30 16:53:49] CDK vip0718 领取成功
[2026-03-30 16:53:52] CDK VIP0810 领取成功
[2026-03-30 16:53:54] CDK VIP0818 领取成功
[2026-03-30 16:53:57] CDK vip1001 领取成功
[2026-03-30 16:53:59] CDK bc1007 领取成功
[2026-03-30 16:54:02] CDK vip1205 领取成功
[2026-03-30 16:54:04] CDK wn1223 领取成功
[2026-03-30 16:54:07] CDK vip0122 领取成功
[2026-03-30 16:54:09] CDK wn2026 领取成功
[2026-03-30 16:54:12] CDK yx0303 领取失败: 不能再用啦
[2026-03-30 16:54:12] 批量领取任务被手动停止
[2026-03-30 16:56:19] 开始批量领取任务，总计 50 个福利码
[2026-03-30 16:56:21] LC 1 领取失败: 累充不足。当前累充:0
[2026-03-30 16:56:22] 批量领取任务被手动停止
[2026-03-30 16:56:24] 开始批量领取任务，总计 49 个福利码
[2026-03-30 16:56:26] LC 2 领取失败: 累充不足。当前累充:0
[2026-03-30 16:56:28] LC 3 领取失败: 累充不足。当前累充:0
[2026-03-30 16:56:31] LC 4 领取失败: 累充不足。当前累充:0
[2026-03-30 16:56:33] LC 5 领取失败: 累充不足。当前累充:0
[2026-03-30 16:56:36] LC 6 领取失败: 累充不足。当前累充:0
[2026-03-30 16:56:38] LC 7 领取失败: 累充不足。当前累充:0
[2026-03-30 16:56:41] LC 8 领取失败: 累充不足。当前累充:0
[2026-03-30 16:56:43] LC 9 领取失败: 累充不足。当前累充:0
[2026-03-30 16:56:46] LC 10 领取失败: 累充不足。当前累充:0
[2026-03-30 16:56:48] LC 11 领取失败: 累充不足。当前累充:0
[2026-03-30 16:56:51] LC 12 领取失败: 累充不足。当前累充:0
[2026-03-30 16:56:53] LC 13 领取失败: 累充不足。当前累充:0
[2026-03-30 16:56:56] LC 14 领取失败: 累充不足。当前累充:0
[2026-03-30 16:56:58] LC 15 领取失败: 累充不足。当前累充:0
[2026-03-30 16:57:01] LC 16 领取失败: 累充不足。当前累充:0
[2026-03-30 16:57:03] CDK VIP111 领取失败: 不能再用啦
[2026-03-30 16:57:06] CDK bc0318 领取失败: 不能再用啦
[2026-03-30 16:57:08] CDK VIP222 领取失败: 不能再用啦
[2026-03-30 16:57:11] CDK VIP333 领取失败: 不能再用啦
[2026-03-30 16:57:13] CDK VIP555 领取失败: 不能再用啦
[2026-03-30 16:57:16] CDK VIP666 领取失败: 不能再用啦
[2026-03-30 16:57:18] CDK vip777 领取失败: 不能再用啦
[2026-03-30 16:57:21] CDK Vip888 领取失败: 不能再用啦
[2026-03-30 16:57:23] CDK VIP999 领取失败: 不能再用啦
[2026-03-30 16:57:26] CDK VIP1000 领取失败: 不能再用啦
[2026-03-30 16:57:28] CDK VIP2000 领取失败: 不能再用啦
[2026-03-30 16:57:48] 批量领取任务被手动停止
[2026-03-30 16:58:35] 账号登录成功
[2026-03-30 16:58:52] 开始批量领取任务，总计 34 个福利码
[2026-03-30 16:58:54] CDK VIP111 领取失败: 不能再用啦
[2026-03-30 16:58:56] CDK bc0318 领取失败: 不能再用啦
[2026-03-30 16:58:59] CDK VIP222 领取失败: 不能再用啦
[2026-03-30 16:59:01] CDK VIP333 领取失败: 不能再用啦
[2026-03-30 16:59:02] 批量领取任务被手动停止
[2026-03-30 19:56:05] 账号登录成功
[2026-03-30 19:56:13] 开始批量领取任务，总计 34 个福利码
[2026-03-30 19:56:15] CDK VIP111 领取失败: 不能再用啦
[2026-03-30 19:56:17] CDK bc0318 领取失败: 不能再用啦
[2026-03-30 19:56:20] 批量领取任务被手动停止
[2026-03-30 19:57:20] 账号登录成功
[2026-03-30 19:57:31] 开始批量领取任务，总计 34 个福利码
[2026-03-30 19:57:33] CDK VIP111 领取失败: 不能再用啦
[2026-03-30 19:57:36] CDK bc0318 领取失败: 不能再用啦
[2026-03-30 19:57:38] CDK VIP222 领取失败: 不能再用啦
[2026-03-30 19:57:40] CDK VIP333 领取失败: 不能再用啦
[2026-03-30 19:57:43] CDK VIP555 领取失败: 不能再用啦
[2026-03-30 19:57:46] CDK VIP666 领取失败: 不能再用啦
[2026-03-30 19:57:48] CDK vip777 领取失败: 不能再用啦
[2026-03-30 19:57:51] CDK Vip888 领取失败: 不能再用啦
[2026-03-30 19:57:53] CDK VIP999 领取失败: 不能再用啦
[2026-03-30 19:57:56] CDK VIP1000 领取失败: 不能再用啦
[2026-03-30 19:57:58] CDK VIP2000 领取失败: 不能再用啦
[2026-03-30 19:58:01] CDK VIP0112 领取失败: 不能再用啦
[2026-03-30 19:58:03] CDK VIP0127 领取失败: 不能再用啦
[2026-03-30 19:58:06] CDK vip0210 领取失败: 不能再用啦
[2026-03-30 19:58:08] CDK VIP0212 领取失败: 不能再用啦
[2026-03-30 19:58:11] CDK VIP0218 领取失败: 不能再用啦
[2026-03-30 19:58:13] CDK vip0223 领取失败: 不能再用啦
[2026-03-30 19:58:16] CDK vip0304 领取失败: 不能再用啦
[2026-03-30 19:58:18] CDK vip0318 领取失败: 不能再用啦
[2026-03-30 19:58:57] CDK vip0412 领取失败: 不能再用啦
[2026-03-30 19:59:00] CDK FL0501 领取失败: 不能再用啦
[2026-03-30 19:59:02] CDK vip0511 领取失败: 不能再用啦
[2026-03-30 19:59:05] CDK FL0531 领取失败: 不能再用啦
[2026-03-30 19:59:08] CDK vip0615 领取失败: 不能再用啦
[2026-03-30 19:59:11] CDK vip0718 领取失败: 不能再用啦
[2026-03-30 19:59:13] CDK VIP0810 领取失败: 不能再用啦
[2026-03-30 19:59:16] CDK VIP0818 领取失败: 不能再用啦
[2026-03-30 19:59:18] CDK vip1001 领取失败: 不能再用啦
[2026-03-30 19:59:21] CDK bc1007 领取失败: 不能再用啦
[2026-03-30 19:59:24] CDK vip1205 领取失败: 不能再用啦
[2026-03-30 19:59:26] CDK wn1223 领取失败: 不能再用啦
[2026-03-30 19:59:29] CDK vip0122 领取失败: 不能再用啦
[2026-03-30 19:59:31] CDK wn2026 领取失败: 不能再用啦
[2026-03-30 19:59:34] CDK yx0303 领取失败: 不能再用啦
[2026-03-30 19:59:34] 批量领取任务被手动停止
[2026-03-30 20:18:54] 账号登录成功
[2026-03-30 20:18:59] 开始批量领取任务，总计 50 个福利码
[2026-03-30 20:19:01] LC 1 领取失败: 累充不足。当前累充:0
[2026-03-30 20:19:02] 批量领取任务被手动停止
[2026-03-30 20:19:16] CDK 12 领取失败: 没找到角色
[2026-03-30 20:20:11] CDK 12 领取失败: 没找到角色
[2026-03-30 20:33:57] 账号登录成功
[2026-03-30 20:34:08] CDK 12 领取失败: 没有找到这个礼包码
[2026-03-30 20:34:15] LC 1 领取失败: 累充不足。当前累充:0
[2026-03-30 20:34:21] CDK 12 领取失败: 没有找到这个礼包码
[2026-03-30 20:34:26] CDK 139 领取失败: 没有找到这个礼包码
[2026-03-30 20:58:17] 账号登录成功
[2026-03-30 21:25:42] 账号登录成功
[2026-03-30 22:04:46] 账号登录成功
[2026-03-30 22:33:09] 账号登录成功
[2026-03-30 22:54:54] 账号登录成功
